../Core/Src/BME280.c:24:6:Error	8	static
../Core/Src/BME280.c:32:13:I2Cx_WriteData	40	static
../Core/Src/BME280.c:39:16:I2Cx_ReadData	40	static
../Core/Src/BME280.c:48:13:I2Cx_ReadData16	40	static
../Core/Src/BME280.c:56:13:I2Cx_ReadData24	40	static
../Core/Src/BME280.c:63:6:BME280_WriteReg	16	static
../Core/Src/BME280.c:68:9:BME280_ReadReg	24	static
../Core/Src/BME280.c:74:6:BME280_ReadReg_U16	16	static
../Core/Src/BME280.c:79:6:BME280_ReadReg_S16	16	static
../Core/Src/BME280.c:84:6:BME280_ReadReg_BE_S16	16	static
../Core/Src/BME280.c:90:6:BME280_ReadReg_U24	16	static
../Core/Src/BME280.c:96:6:BME280_ReadReg_BE_U24	16	static
../Core/Src/BME280.c:102:9:BME280_ReadStatus	16	static
../Core/Src/BME280.c:111:6:BME280_ReadCoefficients	16	static
../Core/Src/BME280.c:170:6:BME280_SetStandby	24	static
../Core/Src/BME280.c:178:6:BME280_SetFilter	24	static
../Core/Src/BME280.c:186:6:BME280_SetOversamplingTemper	24	static
../Core/Src/BME280.c:194:6:BME280_SetOversamplingPressure	24	static
../Core/Src/BME280.c:202:6:BME280_SetOversamplingHum	24	static
../Core/Src/BME280.c:214:6:BME280_SetMode	24	static
../Core/Src/BME280.c:221:7:BME280_ReadTemperature	24	static
../Core/Src/BME280.c:239:7:BME280_ReadPressure	352	static
../Core/Src/BME280.c:266:7:BME280_ReadHumidity	24	static
../Core/Src/BME280.c:289:7:BME280_ReadAltitude	24	static
../Core/Src/BME280.c:297:6:BME280_Init	8	static
