../Core/Src/grid22_numer.c:19:6:lcd_symbol_creat	72	static
../Core/Src/grid22_numer.c:56:13:lcd_symbol_0	16	static
../Core/Src/grid22_numer.c:72:13:lcd_symbol_1	16	static
../Core/Src/grid22_numer.c:89:13:lcd_symbol_2	16	static
../Core/Src/grid22_numer.c:105:13:lcd_symbol_3	16	static
../Core/Src/grid22_numer.c:122:13:lcd_symbol_4	16	static
../Core/Src/grid22_numer.c:138:13:lcd_symbol_5	16	static
../Core/Src/grid22_numer.c:154:13:lcd_symbol_6	16	static
../Core/Src/grid22_numer.c:172:13:lcd_symbol_7	16	static
../Core/Src/grid22_numer.c:189:13:lcd_symbol_8	16	static
../Core/Src/grid22_numer.c:208:13:lcd_symbol_9	16	static
../Core/Src/grid22_numer.c:235:13:lcd_symbol_dublenull	16	static
../Core/Src/grid22_numer.c:253:6:lcd_print_hours	16	static
../Core/Src/grid22_numer.c:275:6:lcd_print_minutes	16	static
../Core/Src/grid22_numer.c:298:6:lcd_print_s	16	static
../Core/Src/grid22_numer.c:308:6:lcd_print_sekonds	16	static
../Core/Src/grid22_numer.c:324:6:lcd_print_date	16	static
../Core/Src/grid22_numer.c:339:6:lcd_print_month	16	static
../Core/Src/grid22_numer.c:354:6:lcd_print_weekdey	80	static
